1/20 sbank_062: 2.0/2 checkmate/checkmate
2/20 sbank_051: 1.5/2 checkmate/stalemate
3/20 sbank_010: 2.0/2 checkmate/checkmate
4/20 sbank_089: 2.0/2 checkmate/checkmate
5/20 sbank_080: 2.0/2 checkmate/checkmate
6/20 sbank_030: 1.5/2 checkmate/threefold_repetition
7/20 sbank_085: 1.5/2 fifty_moves/checkmate
8/20 sbank_042: 0.0/2 checkmate/checkmate
9/20 sbank_041: 2.0/2 checkmate/checkmate
10/20 sbank_067: 2.0/2 checkmate/checkmate
11/20 sbank_018: 1.0/2 checkmate/checkmate
12/20 sbank_044: 1.0/2 checkmate/checkmate
13/20 sbank_032: 1.5/2 threefold_repetition/checkmate
14/20 sbank_021: 2.0/2 checkmate/checkmate
15/20 sbank_072: 1.0/2 checkmate/checkmate
16/20 sbank_074: 1.0/2 checkmate/checkmate
17/20 sbank_052: 1.0/2 checkmate/checkmate
18/20 sbank_078: 1.5/2 threefold_repetition/checkmate
19/20 sbank_090: 1.5/2 threefold_repetition/checkmate
20/20 sbank_081: 1.0/2 checkmate/checkmate
{
  "pairs": 20,
  "games": 40,
  "score": 0.725,
  "record": "+26 =6 -8",
  "white": {
    "score": 0.6,
    "record": "+10 =4 -6"
  },
  "black": {
    "score": 0.85,
    "record": "+16 =2 -2"
  },
  "phases": {
    "opening": {
      "pairs": 20,
      "games": 40,
      "score": 0.725,
      "wins": 26,
      "draws": 6,
      "losses": 8
    }
  },
  "terminations": {
    "checkmate": 34,
    "threefold_repetition": 4,
    "stalemate": 1,
    "fifty_moves": 1
  },
  "bootstrap": {
    "pairs_count": 20,
    "games_count": 40,
    "point_score": 0.725,
    "score_95_ci": [
      0.6,
      0.8375
    ],
    "point_elo": 168.40212509629237,
    "elo_95_ci": [
      70.43650362227247,
      284.852580157596
    ],
    "pair_distribution": {
      "2.0": 7,
      "1.5": 6,
      "1.0": 6,
      "0.5": 0,
      "0.0": 1
    },
    "supportive": true,
    "strong": true
  },
  "failed_terminations": {}
}
