1/20 sbank_062: 2.0/2 checkmate/checkmate
2/20 sbank_051: 0.5/2 checkmate/threefold_repetition
3/20 sbank_010: 1.0/2 checkmate/checkmate
4/20 sbank_089: 2.0/2 checkmate/checkmate
5/20 sbank_085: 2.0/2 checkmate/checkmate
6/20 sbank_030: 1.0/2 threefold_repetition/threefold_repetition
7/20 sbank_080: 2.0/2 checkmate/checkmate
8/20 sbank_042: 0.5/2 insufficient_material/checkmate
9/20 sbank_067: 0.5/2 threefold_repetition/checkmate
10/20 sbank_041: 2.0/2 checkmate/checkmate
11/20 sbank_044: 2.0/2 checkmate/checkmate
12/20 sbank_018: 0.0/2 checkmate/checkmate
13/20 sbank_021: 2.0/2 checkmate/checkmate
14/20 sbank_032: 1.0/2 checkmate/checkmate
15/20 sbank_072: 2.0/2 checkmate/checkmate
16/20 sbank_074: 1.0/2 checkmate/checkmate
17/20 sbank_052: 1.0/2 checkmate/checkmate
18/20 sbank_078: 1.0/2 checkmate/checkmate
19/20 sbank_081: 0.5/2 checkmate/threefold_repetition
20/20 sbank_090: 1.0/2 checkmate/checkmate
{
  "pairs": 20,
  "games": 40,
  "score": 0.625,
  "record": "+22 =6 -12",
  "white": {
    "score": 0.625,
    "record": "+11 =3 -6"
  },
  "black": {
    "score": 0.625,
    "record": "+11 =3 -6"
  },
  "phases": {
    "opening": {
      "pairs": 20,
      "games": 40,
      "score": 0.625,
      "wins": 22,
      "draws": 6,
      "losses": 12
    }
  },
  "terminations": {
    "checkmate": 34,
    "threefold_repetition": 5,
    "insufficient_material": 1
  },
  "bootstrap": {
    "pairs_count": 20,
    "games_count": 40,
    "point_score": 0.625,
    "score_95_ci": [
      0.475,
      0.775
    ],
    "point_elo": 88.73949984654253,
    "elo_95_ci": [
      -17.386277512436106,
      214.84767375797915
    ],
    "pair_distribution": {
      "2.0": 8,
      "1.5": 0,
      "1.0": 7,
      "0.5": 4,
      "0.0": 1
    },
    "supportive": true,
    "strong": false
  },
  "failed_terminations": {}
}
