1/50 sbank_077: 1.0/2 checkmate/checkmate
2/50 sbank_055: 1.0/2 checkmate/checkmate
3/50 sbank_066: 1.5/2 checkmate/threefold_repetition
4/50 sbank_072: 1.0/2 checkmate/checkmate
5/50 sbank_046: 1.5/2 threefold_repetition/checkmate
6/50 sbank_091: 1.0/2 checkmate/checkmate
7/50 sbank_047: 2.0/2 checkmate/checkmate
8/50 sbank_009: 2.0/2 checkmate/checkmate
9/50 sbank_093: 1.5/2 checkmate/threefold_repetition
10/50 sbank_099: 1.0/2 checkmate/checkmate
11/50 sbank_088: 2.0/2 checkmate/checkmate
12/50 sbank_089: 1.0/2 checkmate/checkmate
13/50 sbank_020: 2.0/2 checkmate/checkmate
14/50 sbank_097: 1.0/2 checkmate/checkmate
15/50 sbank_038: 2.0/2 checkmate/checkmate
16/50 sbank_092: 2.0/2 checkmate/checkmate
17/50 sbank_082: 1.0/2 checkmate/checkmate
18/50 sbank_062: 2.0/2 checkmate/checkmate
19/50 sbank_017: 1.0/2 checkmate/checkmate
20/50 sbank_042: 1.0/2 checkmate/checkmate
21/50 sbank_036: 2.0/2 checkmate/checkmate
22/50 sbank_039: 2.0/2 checkmate/checkmate
23/50 sbank_069: 1.5/2 checkmate/threefold_repetition
24/50 sbank_085: 2.0/2 checkmate/checkmate
25/50 sbank_054: 2.0/2 checkmate/checkmate
26/50 sbank_087: 1.0/2 checkmate/checkmate
27/50 sbank_078: 2.0/2 checkmate/checkmate
28/50 sbank_010: 2.0/2 checkmate/checkmate
29/50 sbank_052: 0.5/2 threefold_repetition/checkmate
30/50 sbank_059: 1.5/2 checkmate/threefold_repetition
31/50 sbank_081: 1.0/2 checkmate/checkmate
32/50 sbank_098: 2.0/2 checkmate/checkmate
33/50 sbank_064: 1.0/2 checkmate/checkmate
34/50 sbank_006: 0.5/2 insufficient_material/checkmate
35/50 sbank_043: 1.5/2 checkmate/threefold_repetition
36/50 sbank_040: 2.0/2 checkmate/checkmate
37/50 sbank_024: 1.0/2 checkmate/checkmate
38/50 sbank_076: 1.5/2 checkmate/threefold_repetition
39/50 sbank_041: 1.5/2 checkmate/threefold_repetition
40/50 sbank_074: 2.0/2 checkmate/checkmate
41/50 sbank_068: 1.0/2 threefold_repetition/threefold_repetition
42/50 sbank_056: 1.0/2 checkmate/checkmate
43/50 sbank_075: 2.0/2 checkmate/checkmate
44/50 sbank_058: 2.0/2 checkmate/checkmate
45/50 sbank_060: 1.5/2 threefold_repetition/checkmate
46/50 sbank_084: 1.5/2 threefold_repetition/checkmate
47/50 sbank_061: 1.5/2 checkmate/insufficient_material
48/50 sbank_063: 1.0/2 checkmate/checkmate
49/50 sbank_086: 1.0/2 checkmate/checkmate
50/50 sbank_026: 1.0/2 checkmate/checkmate
{
  "pairs": 50,
  "games": 100,
  "score": 0.725,
  "record": "+65 =15 -20",
  "white": {
    "score": 0.74,
    "record": "+34 =6 -10"
  },
  "black": {
    "score": 0.71,
    "record": "+31 =9 -10"
  },
  "phases": {
    "opening": {
      "pairs": 50,
      "games": 100,
      "score": 0.725,
      "wins": 65,
      "draws": 15,
      "losses": 20
    }
  },
  "terminations": {
    "insufficient_material": 2,
    "checkmate": 85,
    "threefold_repetition": 13
  },
  "bootstrap": {
    "pairs_count": 50,
    "games_count": 100,
    "point_score": 0.725,
    "score_95_ci": [
      0.66,
      0.79
    ],
    "point_elo": 168.40212509629237,
    "elo_95_ci": [
      115.22600739984543,
      230.16311862260898
    ],
    "pair_distribution": {
      "2.0": 18,
      "1.5": 11,
      "1.0": 19,
      "0.5": 2,
      "0.0": 0
    },
    "supportive": true,
    "strong": true
  },
  "failed_terminations": {}
}
