AI CHESSATHON MATCH LOG
=======================

MATCH
  Round          Rated 34
  Team           Zero Elo
  Colour         Black
  Opponent       Sunfish
  Opening        Sicilian Najdorf
  Start FEN      rnbqkb1r/1p2pppp/p2p1n2/8/3NP3/2N1B3/PPP2PPP/R2QKB1R b KQkq - 1 6
  You moved      First
  Machine        w-91996f
  Finished       2026-09-06 10:27:13 UTC
  Match ID       55375509-daeb-4f45-af07-a6e52e50aadb

INIT
  Ready in       0.8 s
  Budget         90.0 s
  Used           1 percent

CLOCK
  Base           120.0 s plus 0.5 s per move
  Moves          52
  Time used      129.7 s
  Slowest        6.5 s on move 7
  Fastest        0.0 s on move 47
  Average        2.5 s
  Left at end    16.3 s

RESULT
  Lost by checkmate
  Game lasted 257.7 s

MOVES
    #  move          time     clock left
    1  e5            6.5 s      114.0 s
    2  Nc6           5.8 s      108.7 s
    3  Ng4           3.2 s      106.0 s
    4  Be7           3.3 s      103.2 s
    5  Nf6           3.3 s      100.3 s
    6  b5            3.2 s       97.6 s
    7  Qc7           6.5 s       91.6 s
    8  Bd7           5.5 s       86.5 s
    9  b4            6.3 s       80.8 s
   10  Nxd5          3.4 s       77.9 s
   11  Na5           2.4 s       75.9 s
   12  Nxb3          4.8 s       71.7 s
   13  Qb7           5.6 s       66.5 s
   14  h6            2.7 s       64.4 s
   15  Qxd5          4.8 s       60.0 s
   16  Rc8           2.6 s       58.0 s
   17  Bxh3          1.8 s       56.6 s
   18  Qc6           3.3 s       53.8 s
   19  Qxf3          3.3 s       51.0 s
   20  Qc6           4.3 s       47.1 s
   21  O-O           1.7 s       46.0 s
   22  Rfd8          2.0 s       44.5 s
   23  g6            1.9 s       43.0 s
   24  Qc7           3.8 s       39.7 s
   25  Qb7           2.0 s       38.3 s
   26  Qd7           3.5 s       35.3 s
   27  dxe5          2.0 s       33.8 s
   28  Rxd7          2.2 s       32.1 s
   29  Rc6           3.1 s       29.5 s
   30  f6            2.9 s       27.1 s
   31  Rdc7          1.1 s       26.5 s
   32  Kf8           1.3 s       25.6 s
   33  Bc5           1.3 s       24.8 s
   34  Rg7+          2.7 s       22.6 s
   35  Kf7           1.9 s       21.2 s
   36  Be7           1.9 s       19.9 s
   37  Ke6           0.9 s       19.5 s
   38  Rg5           2.3 s       17.7 s
   39  Rd6           1.4 s       16.8 s
   40  Rd1+          1.2 s       16.1 s
   41  Rd7           1.2 s       15.4 s
   42  Rgd5          0.8 s       15.1 s
   43  Kf5           0.0 s       15.6 s
   44  Ke4           0.0 s       16.1 s
   45  Rd4           0.7 s       15.9 s
   46  Kxf4          0.0 s       16.4 s
   47  Ke5           0.0 s       16.9 s
   48  Bc5           1.0 s       16.4 s
   49  Bd6           1.2 s       15.6 s
   50  Kd5           0.0 s       16.1 s
   51  Kc5           0.0 s       16.6 s
   52  Kb4           0.9 s       16.3 s

OUTPUT
  Nothing written to stderr

Email hello@aichessathon.com with this file if anything here is unclear.
