21/50 bank_155: 1.0/2 insufficient_material/insufficient_material
22/50 bank_037: 1.0/2 checkmate/checkmate
23/50 bank_197: 0.0/2 checkmate/checkmate
24/50 bank_095: 2.0/2 checkmate/checkmate
25/50 bank_008: 1.0/2 checkmate/checkmate
26/50 bank_171: 1.0/2 checkmate/checkmate
27/50 bank_078: 1.0/2 threefold_repetition/fifty_moves
28/50 bank_193: 1.0/2 threefold_repetition/threefold_repetition
29/50 bank_168: 1.0/2 checkmate/checkmate
30/50 bank_149: 1.0/2 checkmate/checkmate
31/50 bank_108: 1.0/2 checkmate/checkmate
32/50 bank_032: 1.0/2 checkmate/checkmate
33/50 bank_094: 1.0/2 checkmate/checkmate
34/50 bank_124: 1.0/2 checkmate/checkmate
35/50 bank_015: 1.0/2 checkmate/checkmate
36/50 bank_121: 1.0/2 threefold_repetition/fifty_moves
37/50 bank_167: 1.0/2 checkmate/checkmate
38/50 bank_144: 1.0/2 checkmate/checkmate
39/50 bank_076: 0.5/2 checkmate/insufficient_material
40/50 bank_082: 1.0/2 checkmate/checkmate
41/50 bank_161: 1.0/2 checkmate/checkmate
42/50 bank_176: 1.0/2 checkmate/checkmate
43/50 bank_107: 1.0/2 checkmate/checkmate
44/50 bank_118: 1.0/2 checkmate/checkmate
45/50 bank_180: 1.0/2 checkmate/checkmate
46/50 bank_040: 1.0/2 checkmate/checkmate
47/50 bank_148: 1.0/2 checkmate/checkmate
48/50 bank_096: 1.0/2 checkmate/checkmate
49/50 bank_017: 1.0/2 checkmate/checkmate
50/50 bank_134: 1.0/2 checkmate/checkmate
{
  "pairs": 50,
  "games": 100,
  "score": 0.525,
  "record": "+44 =17 -39",
  "white": {
    "score": 0.41,
    "record": "+16 =9 -25"
  },
  "black": {
    "score": 0.64,
    "record": "+28 =8 -14"
  },
  "phases": {
    "opening": {
      "pairs": 12,
      "games": 24,
      "score": 0.5,
      "wins": 11,
      "draws": 2,
      "losses": 11
    },
    "middlegame": {
      "pairs": 26,
      "games": 52,
      "score": 0.5576923076923077,
      "wins": 25,
      "draws": 8,
      "losses": 19
    },
    "endgame": {
      "pairs": 12,
      "games": 24,
      "score": 0.4791666666666667,
      "wins": 8,
      "draws": 7,
      "losses": 9
    }
  },
  "terminations": {
    "checkmate": 83,
    "insufficient_material": 8,
    "threefold_repetition": 7,
    "fifty_moves": 2
  },
  "bootstrap": {
    "pairs_count": 50,
    "games_count": 100,
    "point_score": 0.525,
    "score_95_ci": [
      0.475,
      0.575
    ],
    "point_elo": 17.386277512436145,
    "elo_95_ci": [
      -17.386277512436106,
      52.51156585572754
    ],
    "pair_distribution": {
      "2.0": 3,
      "1.5": 5,
      "1.0": 38,
      "0.5": 2,
      "0.0": 2
    },
    "supportive": false,
    "strong": false
  },
  "failed_terminations": {}
}
