1/25 sbank_062: 2.0/2 checkmate/checkmate
2/25 sbank_089: 0.5/2 threefold_repetition/checkmate
3/25 sbank_051: 1.5/2 checkmate/insufficient_material
4/25 sbank_030: 1.0/2 checkmate/checkmate
5/25 sbank_010: 1.0/2 checkmate/checkmate
6/25 sbank_080: 0.5/2 threefold_repetition/checkmate
7/25 sbank_085: 1.5/2 checkmate/threefold_repetition
8/25 sbank_042: 1.5/2 checkmate/fifty_moves
9/25 sbank_067: 1.5/2 checkmate/threefold_repetition
10/25 sbank_041: 0.5/2 checkmate/threefold_repetition
11/25 sbank_018: 1.5/2 checkmate/insufficient_material
12/25 sbank_044: 1.5/2 checkmate/insufficient_material
13/25 sbank_072: 1.0/2 checkmate/checkmate
14/25 sbank_021: 1.0/2 checkmate/checkmate
15/25 sbank_032: 1.5/2 checkmate/insufficient_material
16/25 sbank_052: 1.0/2 checkmate/checkmate
17/25 sbank_074: 1.5/2 fifty_moves/checkmate
18/25 sbank_078: 1.0/2 checkmate/checkmate
19/25 sbank_081: 1.5/2 checkmate/threefold_repetition
20/25 sbank_038: 0.0/2 checkmate/checkmate
21/25 sbank_090: 0.5/2 checkmate/fifty_moves
22/25 sbank_037: 2.0/2 checkmate/checkmate
23/25 sbank_050: 1.5/2 checkmate/threefold_repetition
24/25 sbank_093: 1.0/2 checkmate/checkmate
25/25 sbank_098: 1.0/2 checkmate/checkmate
{
  "pairs": 25,
  "games": 50,
  "score": 0.58,
  "record": "+22 =14 -14",
  "white": {
    "score": 0.7,
    "record": "+16 =3 -6"
  },
  "black": {
    "score": 0.46,
    "record": "+6 =11 -8"
  },
  "phases": {
    "opening": {
      "pairs": 25,
      "games": 50,
      "score": 0.58,
      "wins": 22,
      "draws": 14,
      "losses": 14
    }
  },
  "terminations": {
    "checkmate": 36,
    "insufficient_material": 4,
    "threefold_repetition": 7,
    "fifty_moves": 3
  },
  "bootstrap": {
    "pairs_count": 25,
    "games_count": 50,
    "point_score": 0.58,
    "score_95_ci": [
      0.48,
      0.67
    ],
    "point_elo": 56.0714812660147,
    "elo_95_ci": [
      -13.904842503684801,
      123.02434512917564
    ],
    "pair_distribution": {
      "2.0": 2,
      "1.5": 10,
      "1.0": 8,
      "0.5": 4,
      "0.0": 1
    },
    "supportive": true,
    "strong": false
  },
  "failed_terminations": {}
}
