device: cuda
parameters: 1,449,187
warm start: 62 tensors loaded, value head fresh
train=61758 val=6718 steps/epoch=61
ep00 train=7.1355 val_ce=3.7960 val_kd=3.1358 val_vmse=1.0884 top1=0.166 vmae_cp=90.3 (23s)
ep01 train=6.7980 val_ce=3.6619 val_kd=3.0880 val_vmse=1.0854 top1=0.178 vmae_cp=91.0 (2s)
ep02 train=6.5204 val_ce=3.5651 val_kd=3.0020 val_vmse=1.0818 top1=0.195 vmae_cp=89.6 (2s)
ep03 train=6.2376 val_ce=3.4894 val_kd=2.9009 val_vmse=1.0846 top1=0.195 vmae_cp=91.9 (2s)
ep04 train=5.9401 val_ce=3.4457 val_kd=2.8840 val_vmse=1.0911 top1=0.201 vmae_cp=94.2 (2s)
ep05 train=5.6822 val_ce=3.4176 val_kd=2.7736 val_vmse=1.0875 top1=0.204 vmae_cp=94.8 (2s)
ep06 train=5.4477 val_ce=3.4124 val_kd=2.7056 val_vmse=1.0868 top1=0.204 vmae_cp=93.7 (2s)
ep07 train=5.2377 val_ce=3.3742 val_kd=2.6867 val_vmse=1.1045 top1=0.206 vmae_cp=104.2 (2s)
ep08 train=5.0455 val_ce=3.3613 val_kd=2.6817 val_vmse=1.0945 top1=0.208 vmae_cp=97.5 (2s)
ep09 train=4.8713 val_ce=3.3689 val_kd=2.6081 val_vmse=1.0951 top1=0.214 vmae_cp=96.9 (2s)
ep10 train=4.7083 val_ce=3.4115 val_kd=2.5467 val_vmse=1.0953 top1=0.223 vmae_cp=96.6 (2s)
ep11 train=4.5627 val_ce=3.4021 val_kd=2.5487 val_vmse=1.0989 top1=0.219 vmae_cp=98.6 (2s)
ep12 train=4.4241 val_ce=3.3760 val_kd=2.5702 val_vmse=1.0998 top1=0.220 vmae_cp=98.6 (2s)
ep13 train=4.2973 val_ce=3.4514 val_kd=2.5044 val_vmse=1.0964 top1=0.223 vmae_cp=95.9 (2s)
ep14 train=4.1819 val_ce=3.4325 val_kd=2.5141 val_vmse=1.1009 top1=0.221 vmae_cp=98.5 (2s)
ep15 train=4.0688 val_ce=3.4579 val_kd=2.4954 val_vmse=1.1047 top1=0.224 vmae_cp=100.2 (2s)
ep16 train=3.9728 val_ce=3.5193 val_kd=2.4554 val_vmse=1.1014 top1=0.225 vmae_cp=98.2 (2s)
ep17 train=3.8777 val_ce=3.4532 val_kd=2.5024 val_vmse=1.1025 top1=0.226 vmae_cp=99.2 (2s)
ep18 train=3.7932 val_ce=3.5075 val_kd=2.4837 val_vmse=1.1043 top1=0.217 vmae_cp=100.1 (2s)
ep19 train=3.7155 val_ce=3.5712 val_kd=2.4522 val_vmse=1.1036 top1=0.219 vmae_cp=99.3 (2s)
ep20 train=3.6422 val_ce=3.5481 val_kd=2.4642 val_vmse=1.1073 top1=0.221 vmae_cp=101.8 (2s)
ep21 train=3.5759 val_ce=3.5810 val_kd=2.4555 val_vmse=1.1050 top1=0.217 vmae_cp=100.6 (2s)
ep22 train=3.5126 val_ce=3.5924 val_kd=2.4475 val_vmse=1.1071 top1=0.225 vmae_cp=101.2 (2s)
early stop at epoch 22
best val_comp=5.7610 -> training\checkpoints\flagship_v3\best_flagship.pt
