device: cuda
parameters: 1,449,187
cold start: training from scratch (no warm start)
train=426103 val=48580 steps/epoch=417
ep00 train=7.1702 val_ce=4.5020 val_kd=0.0000 val_vmse=0.8236 top1=0.176 vmae_cp=1117.0 (36s)
ep01 train=5.3829 val_ce=3.4167 val_kd=0.0000 val_vmse=0.8076 top1=0.245 vmae_cp=1098.4 (11s)
ep02 train=4.6449 val_ce=3.0769 val_kd=0.0000 val_vmse=0.8190 top1=0.273 vmae_cp=1090.5 (11s)
ep03 train=4.2717 val_ce=2.8930 val_kd=0.0000 val_vmse=0.8416 top1=0.284 vmae_cp=1091.7 (11s)
ep04 train=4.0222 val_ce=2.7962 val_kd=0.0000 val_vmse=0.9347 top1=0.294 vmae_cp=1052.4 (11s)
ep05 train=3.8316 val_ce=2.7541 val_kd=0.0000 val_vmse=0.8897 top1=0.298 vmae_cp=1073.3 (11s)
ep06 train=3.6704 val_ce=2.7119 val_kd=0.0000 val_vmse=0.9293 top1=0.302 vmae_cp=1091.0 (10s)
ep07 train=3.5346 val_ce=2.6830 val_kd=0.0000 val_vmse=0.9433 top1=0.301 vmae_cp=1081.9 (11s)
ep08 train=3.4173 val_ce=2.6789 val_kd=0.0000 val_vmse=0.9708 top1=0.304 vmae_cp=1091.3 (11s)
ep09 train=3.3120 val_ce=2.6689 val_kd=0.0000 val_vmse=1.0411 top1=0.311 vmae_cp=1103.1 (10s)
ep10 train=3.2226 val_ce=2.6695 val_kd=0.0000 val_vmse=1.0265 top1=0.309 vmae_cp=1086.6 (11s)
ep11 train=3.1375 val_ce=2.6646 val_kd=0.0000 val_vmse=1.0590 top1=0.310 vmae_cp=1056.2 (11s)
ep12 train=3.0581 val_ce=2.6760 val_kd=0.0000 val_vmse=1.0772 top1=0.310 vmae_cp=1082.4 (11s)
ep13 train=2.9891 val_ce=2.6743 val_kd=0.0000 val_vmse=1.0917 top1=0.310 vmae_cp=1091.1 (11s)
ep14 train=2.9201 val_ce=2.6868 val_kd=0.0000 val_vmse=1.1216 top1=0.311 vmae_cp=1082.6 (11s)
ep15 train=2.8608 val_ce=2.6928 val_kd=0.0000 val_vmse=1.1520 top1=0.312 vmae_cp=1088.5 (11s)
early stop at epoch 15
best val_comp=3.6262 -> checkpoints\flagship_v6\best_flagship.pt
