1/25 sbank_062: 1.5/2 threefold_repetition/checkmate
2/25 sbank_051: 2.0/2 checkmate/checkmate
3/25 sbank_089: 2.0/2 checkmate/checkmate
4/25 sbank_010: 2.0/2 checkmate/checkmate
5/25 sbank_030: 1.0/2 checkmate/checkmate
6/25 sbank_080: 2.0/2 checkmate/checkmate
7/25 sbank_067: 1.5/2 checkmate/threefold_repetition
8/25 sbank_085: 1.0/2 checkmate/checkmate
9/25 sbank_042: 1.5/2 insufficient_material/checkmate
10/25 sbank_041: 1.0/2 checkmate/checkmate
11/25 sbank_044: 2.0/2 checkmate/checkmate
12/25 sbank_018: 1.5/2 fifty_moves/checkmate
13/25 sbank_021: 1.0/2 checkmate/checkmate
14/25 sbank_032: 1.5/2 checkmate/threefold_repetition
15/25 sbank_072: 1.0/2 checkmate/checkmate
16/25 sbank_074: 1.5/2 checkmate/threefold_repetition
17/25 sbank_052: 1.0/2 checkmate/checkmate
18/25 sbank_078: 1.0/2 checkmate/checkmate
19/25 sbank_090: 2.0/2 checkmate/checkmate
20/25 sbank_081: 2.0/2 checkmate/checkmate
21/25 sbank_038: 2.0/2 checkmate/checkmate
22/25 sbank_037: 2.0/2 checkmate/checkmate
23/25 sbank_050: 1.0/2 checkmate/checkmate
24/25 sbank_093: 1.5/2 fifty_moves/checkmate
25/25 sbank_098: 1.0/2 checkmate/checkmate
{
  "pairs": 25,
  "games": 50,
  "score": 0.75,
  "record": "+34 =7 -9",
  "white": {
    "score": 0.64,
    "record": "+14 =4 -7"
  },
  "black": {
    "score": 0.86,
    "record": "+20 =3 -2"
  },
  "phases": {
    "opening": {
      "pairs": 25,
      "games": 50,
      "score": 0.75,
      "wins": 34,
      "draws": 7,
      "losses": 9
    }
  },
  "terminations": {
    "checkmate": 43,
    "fifty_moves": 2,
    "threefold_repetition": 4,
    "insufficient_material": 1
  },
  "bootstrap": {
    "pairs_count": 25,
    "games_count": 50,
    "point_score": 0.75,
    "score_95_ci": [
      0.67,
      0.83
    ],
    "point_elo": 190.848501887865,
    "elo_95_ci": [
      123.02434512917564,
      275.4516683991199
    ],
    "pair_distribution": {
      "2.0": 9,
      "1.5": 7,
      "1.0": 9,
      "0.5": 0,
      "0.0": 0
    },
    "supportive": true,
    "strong": true
  },
  "failed_terminations": {}
}
