1/25 sbank_089: 1.5/2 checkmate/threefold_repetition
2/25 sbank_051: 2.0/2 checkmate/checkmate
3/25 sbank_062: 2.0/2 checkmate/checkmate
4/25 sbank_010: 2.0/2 checkmate/checkmate
5/25 sbank_030: 1.0/2 checkmate/checkmate
6/25 sbank_080: 2.0/2 checkmate/checkmate
7/25 sbank_085: 2.0/2 checkmate/checkmate
8/25 sbank_042: 1.0/2 checkmate/checkmate
9/25 sbank_067: 1.5/2 threefold_repetition/checkmate
10/25 sbank_041: 1.0/2 checkmate/checkmate
11/25 sbank_018: 2.0/2 checkmate/checkmate
12/25 sbank_044: 1.0/2 checkmate/checkmate
13/25 sbank_021: 1.0/2 checkmate/checkmate
14/25 sbank_032: 2.0/2 checkmate/checkmate
15/25 sbank_072: 2.0/2 checkmate/checkmate
16/25 sbank_074: 2.0/2 checkmate/checkmate
17/25 sbank_052: 1.0/2 checkmate/checkmate
18/25 sbank_078: 2.0/2 checkmate/checkmate
19/25 sbank_090: 2.0/2 checkmate/checkmate
20/25 sbank_038: 1.5/2 checkmate/threefold_repetition
21/25 sbank_081: 1.5/2 threefold_repetition/checkmate
22/25 sbank_037: 1.5/2 threefold_repetition/checkmate
23/25 sbank_093: 2.0/2 checkmate/checkmate
24/25 sbank_050: 2.0/2 checkmate/checkmate
25/25 sbank_098: 1.5/2 checkmate/threefold_repetition
{
  "pairs": 25,
  "games": 50,
  "score": 0.82,
  "record": "+38 =6 -6",
  "white": {
    "score": 0.78,
    "record": "+18 =3 -4"
  },
  "black": {
    "score": 0.86,
    "record": "+20 =3 -2"
  },
  "phases": {
    "opening": {
      "pairs": 25,
      "games": 50,
      "score": 0.82,
      "wins": 38,
      "draws": 6,
      "losses": 6
    }
  },
  "terminations": {
    "checkmate": 44,
    "threefold_repetition": 6
  },
  "bootstrap": {
    "pairs_count": 25,
    "games_count": 50,
    "point_score": 0.82,
    "score_95_ci": [
      0.74,
      0.9
    ],
    "point_elo": 263.4165389121643,
    "elo_95_ci": [
      181.7033487040633,
      381.69700377572985
    ],
    "pair_distribution": {
      "2.0": 13,
      "1.5": 6,
      "1.0": 6,
      "0.5": 0,
      "0.0": 0
    },
    "supportive": true,
    "strong": true
  },
  "failed_terminations": {}
}
