1/25 sbank_089: 1.0/2 checkmate/checkmate
2/25 sbank_062: 1.5/2 checkmate/insufficient_material
3/25 sbank_051: 2.0/2 checkmate/checkmate
4/25 sbank_010: 2.0/2 checkmate/checkmate
5/25 sbank_080: 1.0/2 checkmate/checkmate
6/25 sbank_030: 2.0/2 checkmate/checkmate
7/25 sbank_085: 2.0/2 checkmate/checkmate
8/25 sbank_042: 1.0/2 checkmate/checkmate
9/25 sbank_067: 1.0/2 checkmate/checkmate
10/25 sbank_041: 1.5/2 checkmate/threefold_repetition
11/25 sbank_018: 1.0/2 checkmate/checkmate
12/25 sbank_044: 1.0/2 checkmate/checkmate
13/25 sbank_032: 1.0/2 checkmate/checkmate
14/25 sbank_021: 1.0/2 checkmate/checkmate
15/25 sbank_072: 2.0/2 checkmate/checkmate
16/25 sbank_074: 0.5/2 threefold_repetition/checkmate
17/25 sbank_052: 2.0/2 checkmate/checkmate
18/25 sbank_078: 1.5/2 checkmate/threefold_repetition
19/25 sbank_090: 1.0/2 checkmate/checkmate
20/25 sbank_081: 2.0/2 checkmate/checkmate
21/25 sbank_038: 2.0/2 checkmate/checkmate
22/25 sbank_037: 2.0/2 checkmate/checkmate
23/25 sbank_093: 1.5/2 checkmate/fifty_moves
24/25 sbank_050: 0.5/2 checkmate/threefold_repetition
25/25 sbank_098: 2.0/2 checkmate/checkmate
{
  "pairs": 25,
  "games": 50,
  "score": 0.72,
  "record": "+33 =6 -11",
  "white": {
    "score": 0.78,
    "record": "+19 =1 -5"
  },
  "black": {
    "score": 0.66,
    "record": "+14 =5 -6"
  },
  "phases": {
    "opening": {
      "pairs": 25,
      "games": 50,
      "score": 0.72,
      "wins": 33,
      "draws": 6,
      "losses": 11
    }
  },
  "terminations": {
    "checkmate": 44,
    "threefold_repetition": 4,
    "insufficient_material": 1,
    "fifty_moves": 1
  },
  "bootstrap": {
    "pairs_count": 25,
    "games_count": 50,
    "point_score": 0.72,
    "score_95_ci": [
      0.62,
      0.82
    ],
    "point_elo": 164.06978603561973,
    "elo_95_ci": [
      85.04323715257746,
      263.4165389121643
    ],
    "pair_distribution": {
      "2.0": 10,
      "1.5": 4,
      "1.0": 9,
      "0.5": 2,
      "0.0": 0
    },
    "supportive": true,
    "strong": true
  },
  "failed_terminations": {}
}
