1/25 sbank_089: 0.5/2 threefold_repetition/checkmate
2/25 sbank_062: 1.5/2 threefold_repetition/checkmate
3/25 sbank_051: 1.0/2 checkmate/checkmate
4/25 sbank_030: 1.5/2 checkmate/threefold_repetition
5/25 sbank_010: 1.0/2 checkmate/checkmate
6/25 sbank_080: 2.0/2 checkmate/checkmate
7/25 sbank_085: 0.5/2 threefold_repetition/checkmate
8/25 sbank_042: 1.0/2 checkmate/checkmate
9/25 sbank_067: 1.5/2 insufficient_material/checkmate
10/25 sbank_041: 2.0/2 checkmate/checkmate
11/25 sbank_018: 2.0/2 checkmate/checkmate
12/25 sbank_044: 2.0/2 checkmate/checkmate
13/25 sbank_021: 0.5/2 insufficient_material/checkmate
14/25 sbank_032: 1.0/2 checkmate/checkmate
15/25 sbank_072: 1.0/2 checkmate/checkmate
16/25 sbank_074: 1.0/2 checkmate/checkmate
17/25 sbank_052: 1.0/2 checkmate/checkmate
18/25 sbank_078: 1.0/2 checkmate/checkmate
19/25 sbank_090: 2.0/2 checkmate/checkmate
20/25 sbank_081: 1.0/2 checkmate/checkmate
21/25 sbank_038: 2.0/2 checkmate/checkmate
22/25 sbank_037: 2.0/2 checkmate/checkmate
23/25 sbank_093: 1.0/2 checkmate/checkmate
24/25 sbank_050: 2.0/2 checkmate/checkmate
25/25 sbank_098: 0.5/2 checkmate/fifty_moves
{
  "pairs": 25,
  "games": 50,
  "score": 0.65,
  "record": "+29 =7 -14",
  "white": {
    "score": 0.74,
    "record": "+16 =5 -4"
  },
  "black": {
    "score": 0.56,
    "record": "+13 =2 -10"
  },
  "phases": {
    "opening": {
      "pairs": 25,
      "games": 50,
      "score": 0.65,
      "wins": 29,
      "draws": 7,
      "losses": 14
    }
  },
  "terminations": {
    "checkmate": 43,
    "insufficient_material": 2,
    "threefold_repetition": 4,
    "fifty_moves": 1
  },
  "bootstrap": {
    "pairs_count": 25,
    "games_count": 50,
    "point_score": 0.65,
    "score_95_ci": [
      0.54,
      0.76
    ],
    "point_elo": 107.53812491703204,
    "elo_95_ci": [
      27.85437125655782,
      200.2409402276741
    ],
    "pair_distribution": {
      "2.0": 8,
      "1.5": 3,
      "1.0": 10,
      "0.5": 4,
      "0.0": 0
    },
    "supportive": true,
    "strong": true
  },
  "failed_terminations": {}
}
