1/25 sbank_062: 2.0/2 checkmate/checkmate
2/25 sbank_051: 2.0/2 checkmate/checkmate
3/25 sbank_089: 2.0/2 checkmate/checkmate
4/25 sbank_030: 2.0/2 checkmate/checkmate
5/25 sbank_010: 1.0/2 checkmate/checkmate
6/25 sbank_080: 2.0/2 checkmate/checkmate
7/25 sbank_067: 1.0/2 checkmate/checkmate
8/25 sbank_085: 2.0/2 checkmate/checkmate
9/25 sbank_042: 2.0/2 checkmate/checkmate
10/25 sbank_041: 1.0/2 checkmate/checkmate
11/25 sbank_018: 2.0/2 checkmate/checkmate
12/25 sbank_044: 2.0/2 checkmate/checkmate
13/25 sbank_072: 2.0/2 checkmate/checkmate
14/25 sbank_021: 2.0/2 checkmate/checkmate
15/25 sbank_032: 2.0/2 checkmate/checkmate
16/25 sbank_052: 1.0/2 checkmate/checkmate
17/25 sbank_074: 1.0/2 checkmate/checkmate
18/25 sbank_078: 1.5/2 threefold_repetition/checkmate
19/25 sbank_090: 2.0/2 checkmate/checkmate
20/25 sbank_038: 2.0/2 checkmate/checkmate
21/25 sbank_081: 2.0/2 checkmate/checkmate
22/25 sbank_037: 2.0/2 checkmate/checkmate
23/25 sbank_050: 2.0/2 checkmate/checkmate
24/25 sbank_093: 1.5/2 fifty_moves/checkmate
25/25 sbank_098: 2.0/2 checkmate/checkmate
{
  "pairs": 25,
  "games": 50,
  "score": 0.88,
  "record": "+43 =2 -5",
  "white": {
    "score": 0.84,
    "record": "+20 =2 -3"
  },
  "black": {
    "score": 0.92,
    "record": "+23 =0 -2"
  },
  "phases": {
    "opening": {
      "pairs": 25,
      "games": 50,
      "score": 0.88,
      "wins": 43,
      "draws": 2,
      "losses": 5
    }
  },
  "terminations": {
    "checkmate": 48,
    "threefold_repetition": 1,
    "fifty_moves": 1
  },
  "bootstrap": {
    "pairs_count": 25,
    "games_count": 50,
    "point_score": 0.88,
    "score_95_ci": [
      0.8,
      0.95
    ],
    "point_elo": 346.1205704410174,
    "elo_95_ci": [
      240.82399653118495,
      511.50144038113183
    ],
    "pair_distribution": {
      "2.0": 18,
      "1.5": 2,
      "1.0": 5,
      "0.5": 0,
      "0.0": 0
    },
    "supportive": true,
    "strong": true
  },
  "failed_terminations": {}
}
