1/25 sbank_051: 1.0/2 checkmate/checkmate
2/25 sbank_062: 2.0/2 checkmate/checkmate
3/25 sbank_089: 2.0/2 checkmate/checkmate
4/25 sbank_010: 2.0/2 checkmate/checkmate
5/25 sbank_030: 1.5/2 checkmate/threefold_repetition
6/25 sbank_080: 1.0/2 checkmate/checkmate
7/25 sbank_085: 1.0/2 checkmate/checkmate
8/25 sbank_067: 0.0/2 checkmate/checkmate
9/25 sbank_042: 1.5/2 fifty_moves/checkmate
10/25 sbank_041: 2.0/2 checkmate/checkmate
11/25 sbank_044: 2.0/2 checkmate/checkmate
12/25 sbank_018: 0.5/2 checkmate/threefold_repetition
13/25 sbank_021: 2.0/2 checkmate/checkmate
14/25 sbank_032: 1.5/2 threefold_repetition/checkmate
15/25 sbank_072: 2.0/2 checkmate/checkmate
16/25 sbank_074: 2.0/2 checkmate/checkmate
17/25 sbank_052: 2.0/2 checkmate/checkmate
18/25 sbank_078: 2.0/2 checkmate/checkmate
19/25 sbank_090: 2.0/2 checkmate/checkmate
20/25 sbank_081: 2.0/2 checkmate/checkmate
21/25 sbank_038: 1.5/2 threefold_repetition/checkmate
22/25 sbank_037: 1.5/2 checkmate/threefold_repetition
23/25 sbank_093: 2.0/2 checkmate/checkmate
24/25 sbank_050: 1.0/2 fifty_moves/threefold_repetition
25/25 sbank_098: 1.0/2 checkmate/checkmate
{
  "pairs": 25,
  "games": 50,
  "score": 0.78,
  "record": "+35 =8 -7",
  "white": {
    "score": 0.76,
    "record": "+17 =4 -4"
  },
  "black": {
    "score": 0.8,
    "record": "+18 =4 -3"
  },
  "phases": {
    "opening": {
      "pairs": 25,
      "games": 50,
      "score": 0.78,
      "wins": 35,
      "draws": 8,
      "losses": 7
    }
  },
  "terminations": {
    "checkmate": 42,
    "threefold_repetition": 6,
    "fifty_moves": 2
  },
  "bootstrap": {
    "pairs_count": 25,
    "games_count": 50,
    "point_score": 0.78,
    "score_95_ci": [
      0.67,
      0.88
    ],
    "point_elo": 219.86876874730973,
    "elo_95_ci": [
      123.02434512917564,
      346.1205704410174
    ],
    "pair_distribution": {
      "2.0": 13,
      "1.5": 5,
      "1.0": 5,
      "0.5": 1,
      "0.0": 1
    },
    "supportive": true,
    "strong": true
  },
  "failed_terminations": {}
}
