1/25 sbank_051: 1.0/2 checkmate/checkmate
2/25 sbank_089: 2.0/2 checkmate/checkmate
3/25 sbank_062: 2.0/2 checkmate/checkmate
Traceback (most recent call last):
  File "C:\Users\Babar\Documents\Coding\Projects\chess_bot\MilkyWay\tools\candidate_screen.py", line 219, in <module>
    main()
  File "C:\Users\Babar\Documents\Coding\Projects\chess_bot\MilkyWay\tools\candidate_screen.py", line 178, in main
    with lock.open("x") as stream:
         ^^^^^^^^^^^^^^
  File "C:\Users\Babar\AppData\Roaming\uv\python\cpython-3.12-windows-x86_64-none\Lib\pathlib.py", line 1013, in open
    return io.open(self, mode, buffering, encoding, errors, newline)
           ^^^^^^^^^^^^^^^^^^^^^^^^^^^^^^^^^^^^^^^^^^^^^^^^^^^^^^^^^
FileExistsError: [Errno 17] File exists: 'C:\\Users\\Babar\\Documents\\Coding\\Projects\\chess_bot\\MilkyWay\\experiments\\search_v2\\lmr_parent_12s_50g\\writer.lock'
4/25 sbank_010: 1.5/2 checkmate/insufficient_material
5/25 sbank_030: 1.0/2 insufficient_material/threefold_repetition
6/25 sbank_080: 0.0/2 checkmate/checkmate
7/25 sbank_085: 1.5/2 checkmate/threefold_repetition
8/25 sbank_042: 2.0/2 checkmate/checkmate
9/25 sbank_067: 2.0/2 checkmate/checkmate
10/25 sbank_041: 1.5/2 insufficient_material/checkmate
11/25 sbank_018: 2.0/2 checkmate/checkmate
12/25 sbank_044: 0.5/2 checkmate/insufficient_material
13/25 sbank_021: 0.0/2 checkmate/checkmate
14/25 sbank_032: 0.5/2 insufficient_material/checkmate
15/25 sbank_072: 1.0/2 checkmate/checkmate
16/25 sbank_074: 2.0/2 checkmate/checkmate
17/25 sbank_052: 1.5/2 fifty_moves/checkmate
18/25 sbank_078: 0.0/2 checkmate/checkmate
19/25 sbank_090: 1.5/2 fifty_moves/checkmate
20/25 sbank_081: 1.0/2 checkmate/checkmate
21/25 sbank_038: 0.0/2 checkmate/checkmate
22/25 sbank_037: 1.5/2 threefold_repetition/checkmate
23/25 sbank_093: 2.0/2 checkmate/checkmate
24/25 sbank_050: 1.0/2 checkmate/checkmate
25/25 sbank_098: 0.0/2 checkmate/checkmate
{
  "pairs": 25,
  "games": 50,
  "score": 0.58,
  "record": "+24 =10 -16",
  "white": {
    "score": 0.6,
    "record": "+12 =6 -7"
  },
  "black": {
    "score": 0.56,
    "record": "+12 =4 -9"
  },
  "phases": {
    "opening": {
      "pairs": 25,
      "games": 50,
      "score": 0.58,
      "wins": 24,
      "draws": 10,
      "losses": 16
    }
  },
  "terminations": {
    "checkmate": 40,
    "insufficient_material": 5,
    "threefold_repetition": 3,
    "fifty_moves": 2
  },
  "bootstrap": {
    "pairs_count": 25,
    "games_count": 50,
    "point_score": 0.58,
    "score_95_ci": [
      0.43,
      0.72
    ],
    "point_elo": 56.0714812660147,
    "elo_95_ci": [
      -48.962560037161964,
      164.06978603561973
    ],
    "pair_distribution": {
      "2.0": 7,
      "1.5": 6,
      "1.0": 5,
      "0.5": 2,
      "0.0": 5
    },
    "supportive": true,
    "strong": false
  },
  "failed_terminations": {}
}
