1/25 sbank_062: 1.5/2 threefold_repetition/checkmate
2/25 sbank_089: 0.5/2 threefold_repetition/checkmate
3/25 sbank_051: 2.0/2 checkmate/checkmate
4/25 sbank_010: 1.0/2 checkmate/checkmate
5/25 sbank_030: 1.0/2 checkmate/checkmate
6/25 sbank_080: 1.5/2 checkmate/insufficient_material
7/25 sbank_085: 1.0/2 checkmate/checkmate
8/25 sbank_042: 2.0/2 checkmate/checkmate
9/25 sbank_067: 1.5/2 checkmate/fifty_moves
10/25 sbank_041: 1.0/2 insufficient_material/threefold_repetition
11/25 sbank_018: 0.5/2 checkmate/insufficient_material
12/25 sbank_044: 0.0/2 checkmate/checkmate
13/25 sbank_021: 0.0/2 checkmate/checkmate
14/25 sbank_032: 1.0/2 checkmate/checkmate
15/25 sbank_072: 2.0/2 checkmate/checkmate
16/25 sbank_074: 2.0/2 checkmate/checkmate
17/25 sbank_052: 1.5/2 checkmate/insufficient_material
18/25 sbank_078: 0.5/2 threefold_repetition/checkmate
19/25 sbank_090: 2.0/2 checkmate/checkmate
20/25 sbank_081: 2.0/2 checkmate/checkmate
21/25 sbank_038: 1.5/2 checkmate/threefold_repetition
22/25 sbank_037: 1.5/2 checkmate/insufficient_material
23/25 sbank_093: 1.5/2 checkmate/insufficient_material
24/25 sbank_050: 1.0/2 checkmate/checkmate
25/25 sbank_098: 1.0/2 checkmate/checkmate
{
  "pairs": 25,
  "games": 50,
  "score": 0.62,
  "record": "+25 =12 -13",
  "white": {
    "score": 0.76,
    "record": "+17 =4 -4"
  },
  "black": {
    "score": 0.48,
    "record": "+8 =8 -9"
  },
  "phases": {
    "opening": {
      "pairs": 25,
      "games": 50,
      "score": 0.62,
      "wins": 25,
      "draws": 12,
      "losses": 13
    }
  },
  "terminations": {
    "checkmate": 38,
    "insufficient_material": 6,
    "threefold_repetition": 5,
    "fifty_moves": 1
  },
  "bootstrap": {
    "pairs_count": 25,
    "games_count": 50,
    "point_score": 0.62,
    "score_95_ci": [
      0.5,
      0.73
    ],
    "point_elo": 85.04323715257746,
    "elo_95_ci": [
      -0.0,
      172.78363838458748
    ],
    "pair_distribution": {
      "2.0": 6,
      "1.5": 7,
      "1.0": 7,
      "0.5": 3,
      "0.0": 2
    },
    "supportive": true,
    "strong": false
  },
  "failed_terminations": {}
}
