1/25 sbank_062: 0.0/2 checkmate/checkmate
2/25 sbank_051: 1.0/2 checkmate/checkmate
3/25 sbank_089: 1.0/2 threefold_repetition/insufficient_material
4/25 sbank_010: 0.5/2 threefold_repetition/checkmate
5/25 sbank_080: 1.5/2 checkmate/threefold_repetition
6/25 sbank_030: 2.0/2 checkmate/checkmate
7/25 sbank_067: 2.0/2 checkmate/checkmate
8/25 sbank_042: 1.0/2 checkmate/checkmate
9/25 sbank_085: 2.0/2 checkmate/checkmate
10/25 sbank_041: 2.0/2 checkmate/checkmate
11/25 sbank_044: 1.0/2 checkmate/checkmate
12/25 sbank_018: 0.5/2 insufficient_material/checkmate
13/25 sbank_021: 0.0/2 checkmate/checkmate
14/25 sbank_032: 1.5/2 checkmate/insufficient_material
15/25 sbank_072: 2.0/2 checkmate/checkmate
16/25 sbank_074: 1.0/2 checkmate/checkmate
17/25 sbank_052: 2.0/2 checkmate/checkmate
18/25 sbank_078: 1.5/2 checkmate/insufficient_material
19/25 sbank_090: 0.5/2 checkmate/insufficient_material
20/25 sbank_081: 2.0/2 checkmate/checkmate
21/25 sbank_038: 1.0/2 checkmate/checkmate
22/25 sbank_037: 1.5/2 checkmate/threefold_repetition
23/25 sbank_093: 2.0/2 checkmate/checkmate
24/25 sbank_050: 2.0/2 checkmate/checkmate
25/25 sbank_098: 1.0/2 checkmate/checkmate
{
  "pairs": 25,
  "games": 50,
  "score": 0.65,
  "record": "+28 =9 -13",
  "white": {
    "score": 0.7,
    "record": "+16 =3 -6"
  },
  "black": {
    "score": 0.6,
    "record": "+12 =6 -7"
  },
  "phases": {
    "opening": {
      "pairs": 25,
      "games": 50,
      "score": 0.65,
      "wins": 28,
      "draws": 9,
      "losses": 13
    }
  },
  "terminations": {
    "threefold_repetition": 4,
    "checkmate": 41,
    "insufficient_material": 5
  },
  "bootstrap": {
    "pairs_count": 25,
    "games_count": 50,
    "point_score": 0.65,
    "score_95_ci": [
      0.52,
      0.77
    ],
    "point_elo": 107.53812491703204,
    "elo_95_ci": [
      13.904842503684808,
      209.9051556619556
    ],
    "pair_distribution": {
      "2.0": 9,
      "1.5": 4,
      "1.0": 7,
      "0.5": 3,
      "0.0": 2
    },
    "supportive": true,
    "strong": true
  },
  "failed_terminations": {}
}
