1/25 sbank_089: 2.0/2 checkmate/checkmate
2/25 sbank_051: 2.0/2 checkmate/checkmate
3/25 sbank_062: 2.0/2 checkmate/checkmate
4/25 sbank_030: 2.0/2 checkmate/checkmate
5/25 sbank_010: 1.5/2 checkmate/insufficient_material
6/25 sbank_080: 2.0/2 checkmate/checkmate
7/25 sbank_085: 2.0/2 checkmate/checkmate
8/25 sbank_042: 2.0/2 checkmate/checkmate
9/25 sbank_067: 1.0/2 checkmate/checkmate
10/25 sbank_041: 1.0/2 checkmate/checkmate
11/25 sbank_018: 1.5/2 threefold_repetition/checkmate
12/25 sbank_044: 2.0/2 checkmate/checkmate
13/25 sbank_021: 0.0/2 checkmate/checkmate
14/25 sbank_032: 1.5/2 insufficient_material/checkmate
15/25 sbank_072: 2.0/2 checkmate/checkmate
16/25 sbank_074: 1.0/2 checkmate/checkmate
17/25 sbank_052: 1.0/2 checkmate/checkmate
18/25 sbank_078: 2.0/2 checkmate/checkmate
19/25 sbank_081: 1.0/2 checkmate/checkmate
20/25 sbank_090: 2.0/2 checkmate/checkmate
21/25 sbank_038: 1.5/2 checkmate/threefold_repetition
22/25 sbank_037: 1.5/2 checkmate/threefold_repetition
23/25 sbank_093: 2.0/2 checkmate/checkmate
24/25 sbank_050: 1.5/2 checkmate/threefold_repetition
25/25 sbank_098: 0.0/2 checkmate/checkmate
{
  "pairs": 25,
  "games": 50,
  "score": 0.76,
  "record": "+35 =6 -9",
  "white": {
    "score": 0.76,
    "record": "+18 =2 -5"
  },
  "black": {
    "score": 0.76,
    "record": "+17 =4 -4"
  },
  "phases": {
    "opening": {
      "pairs": 25,
      "games": 50,
      "score": 0.76,
      "wins": 35,
      "draws": 6,
      "losses": 9
    }
  },
  "terminations": {
    "checkmate": 44,
    "insufficient_material": 2,
    "threefold_repetition": 4
  },
  "bootstrap": {
    "pairs_count": 25,
    "games_count": 50,
    "point_score": 0.76,
    "score_95_ci": [
      0.64,
      0.87
    ],
    "point_elo": 200.2409402276741,
    "elo_95_ci": [
      99.95098928663995,
      330.2303601247128
    ],
    "pair_distribution": {
      "2.0": 12,
      "1.5": 6,
      "1.0": 5,
      "0.5": 0,
      "0.0": 2
    },
    "supportive": true,
    "strong": true
  },
  "failed_terminations": {}
}
