1/25 sbank_062: 1.0/2 checkmate/checkmate
2/25 sbank_089: 1.0/2 checkmate/checkmate
3/25 sbank_051: 1.5/2 threefold_repetition/checkmate
4/25 sbank_010: 1.0/2 checkmate/checkmate
5/25 sbank_080: 1.5/2 threefold_repetition/checkmate
6/25 sbank_030: 1.0/2 checkmate/checkmate
7/25 sbank_042: 1.0/2 threefold_repetition/threefold_repetition
8/25 sbank_085: 1.5/2 checkmate/threefold_repetition
9/25 sbank_067: 1.5/2 checkmate/fifty_moves
10/25 sbank_041: 1.0/2 checkmate/checkmate
11/25 sbank_018: 2.0/2 checkmate/checkmate
12/25 sbank_044: 2.0/2 checkmate/checkmate
13/25 sbank_032: 0.0/2 checkmate/checkmate
14/25 sbank_021: 1.0/2 checkmate/checkmate
15/25 sbank_072: 1.0/2 checkmate/checkmate
16/25 sbank_074: 1.5/2 checkmate/threefold_repetition
17/25 sbank_052: 2.0/2 checkmate/checkmate
18/25 sbank_078: 2.0/2 checkmate/checkmate
19/25 sbank_081: 1.0/2 checkmate/checkmate
20/25 sbank_090: 1.5/2 fifty_moves/checkmate
21/25 sbank_038: 0.5/2 checkmate/insufficient_material
22/25 sbank_037: 1.5/2 checkmate/insufficient_material
23/25 sbank_093: 1.5/2 checkmate/threefold_repetition
24/25 sbank_050: 2.0/2 checkmate/checkmate
25/25 sbank_098: 0.0/2 checkmate/checkmate
{
  "pairs": 25,
  "games": 50,
  "score": 0.63,
  "record": "+26 =11 -13",
  "white": {
    "score": 0.68,
    "record": "+15 =4 -6"
  },
  "black": {
    "score": 0.58,
    "record": "+11 =7 -7"
  },
  "phases": {
    "opening": {
      "pairs": 25,
      "games": 50,
      "score": 0.63,
      "wins": 26,
      "draws": 11,
      "losses": 13
    }
  },
  "terminations": {
    "checkmate": 39,
    "insufficient_material": 2,
    "threefold_repetition": 7,
    "fifty_moves": 2
  },
  "bootstrap": {
    "pairs_count": 25,
    "games_count": 50,
    "point_score": 0.63,
    "score_95_ci": [
      0.52,
      0.73
    ],
    "point_elo": 92.45553015463472,
    "elo_95_ci": [
      13.904842503684808,
      172.78363838458748
    ],
    "pair_distribution": {
      "2.0": 5,
      "1.5": 8,
      "1.0": 9,
      "0.5": 1,
      "0.0": 2
    },
    "supportive": true,
    "strong": true
  },
  "failed_terminations": {}
}
