1/25 sbank_062: 2.0/2 checkmate/checkmate
2/25 sbank_051: 1.5/2 threefold_repetition/checkmate
3/25 sbank_089: 2.0/2 checkmate/checkmate
4/25 sbank_010: 1.0/2 checkmate/checkmate
5/25 sbank_030: 2.0/2 checkmate/checkmate
6/25 sbank_080: 1.5/2 fifty_moves/checkmate
7/25 sbank_085: 1.0/2 checkmate/checkmate
8/25 sbank_042: 1.5/2 checkmate/threefold_repetition
9/25 sbank_067: 2.0/2 checkmate/checkmate
10/25 sbank_041: 1.5/2 insufficient_material/checkmate
11/25 sbank_018: 2.0/2 checkmate/checkmate
12/25 sbank_044: 2.0/2 checkmate/checkmate
13/25 sbank_021: 2.0/2 checkmate/checkmate
14/25 sbank_032: 2.0/2 checkmate/checkmate
15/25 sbank_072: 2.0/2 checkmate/checkmate
16/25 sbank_074: 2.0/2 checkmate/checkmate
17/25 sbank_052: 2.0/2 checkmate/checkmate
18/25 sbank_078: 2.0/2 checkmate/checkmate
19/25 sbank_090: 1.0/2 checkmate/checkmate
20/25 sbank_081: 2.0/2 checkmate/checkmate
21/25 sbank_038: 2.0/2 checkmate/checkmate
22/25 sbank_037: 2.0/2 checkmate/checkmate
23/25 sbank_093: 1.0/2 checkmate/checkmate
24/25 sbank_050: 2.0/2 checkmate/checkmate
25/25 sbank_098: 1.5/2 threefold_repetition/checkmate
{
  "pairs": 25,
  "games": 50,
  "score": 0.87,
  "record": "+41 =5 -4",
  "white": {
    "score": 0.8,
    "record": "+18 =4 -3"
  },
  "black": {
    "score": 0.94,
    "record": "+23 =1 -1"
  },
  "phases": {
    "opening": {
      "pairs": 25,
      "games": 50,
      "score": 0.87,
      "wins": 41,
      "draws": 5,
      "losses": 4
    }
  },
  "terminations": {
    "checkmate": 45,
    "insufficient_material": 1,
    "threefold_repetition": 3,
    "fifty_moves": 1
  },
  "bootstrap": {
    "pairs_count": 25,
    "games_count": 50,
    "point_score": 0.87,
    "score_95_ci": [
      0.79,
      0.94
    ],
    "point_elo": 330.2303601247128,
    "elo_95_ci": [
      230.16311862260898,
      477.99064128642203
    ],
    "pair_distribution": {
      "2.0": 16,
      "1.5": 5,
      "1.0": 4,
      "0.5": 0,
      "0.0": 0
    },
    "supportive": true,
    "strong": true
  },
  "failed_terminations": {}
}
